Component: ARM Compiler 5.06 update 3 (build 300) Tool: armlink [4d35c9]

==============================================================================

Section Cross References

    startup_stm32f2xx.o(RESET) refers to startup_stm32f2xx.o(STACK) for __initial_sp
    startup_stm32f2xx.o(RESET) refers to startup_stm32f2xx.o(.text) for Reset_Handler
    startup_stm32f2xx.o(RESET) refers to stm32f2xx_it.o(.text) for NMI_Handler
    startup_stm32f2xx.o(.text) refers to system_stm32f2xx.o(.text) for SystemInit
    startup_stm32f2xx.o(.text) refers to entry.o(.ARM.Collect$$$$00000000) for __main
    stm32f2xx_gpio.o(.text) refers to stm32f2xx_rcc.o(.text) for RCC_AHB1PeriphResetCmd
    stm32f2xx_rcc.o(.text) refers to stm32f2xx_rcc.o(.data) for APBAHBPrescTable
    stm32f2xx_usart.o(.text) refers to stm32f2xx_rcc.o(.text) for RCC_APB2PeriphResetCmd
    stm32f2xx_adc.o(.text) refers to stm32f2xx_rcc.o(.text) for RCC_APB2PeriphResetCmd
    stm32f2xx_sdio.o(.text) refers to stm32f2xx_rcc.o(.text) for RCC_APB2PeriphResetCmd
    stm32f2xx_tim.o(.text) refers to stm32f2xx_rcc.o(.text) for RCC_APB2PeriphResetCmd
    system_stm32f2xx.o(.text) refers to system_stm32f2xx.o(.data) for SystemCoreClock
    main.o(.text) refers to ssd2828.o(.text) for MIPI_Reset
    main.o(.text) refers to printfa.o(i.__0printf) for __2printf
    main.o(.text) refers to power.o(.text) for LCMPower_ON
    main.o(.text) refers to systick.o(.text) for Delay_ms
    main.o(.text) refers to lcd.o(.text) for DriverIC_Reset
    main.o(.text) refers to common_otp code_td4302_v1.o(.text) for OTPTimes_Read
    main.o(.text) refers to fpga.o(.text) for FPGA_INIT_END_INFO
    main.o(.text) refers to lcd_test.o(.text) for TEST_Config_CTP
    main.o(.text) refers to board_conf.o(.text) for Board_Init
    main.o(.text) refers to led.o(.text) for LED_ON
    main.o(.text) refers to stm32f2xx_gpio.o(.text) for GPIO_ResetBits
    main.o(.text) refers to bsp_bmp.o(.text) for PIC_Load_BMP
    main.o(.text) refers to test_et1.o(.text) for Test_ET1
    main.o(.text) refers to test_et2.o(.text) for Test_ET2
    main.o(.text) refers to test_et3.o(.text) for Test_ET3
    main.o(.text) refers to test_otp.o(.text) for Test_OTP
    main.o(.text) refers to test_ra.o(.text) for Test_RA
    main.o(.text) refers to test_esd.o(.text) for Test_ESD
    main.o(.text) refers to test_od.o(.text) for Test_OD
    main.o(.text) refers to test_demo.o(.text) for Test_DEMO
    main.o(.text) refers to test_ctp.o(.text) for Test_CTP
    main.o(.text) refers to test_oqc1.o(.text) for Test_OQC1
    main.o(.text) refers to test_debug.o(.text) for Test_DEBUG
    main.o(.text) refers to key.o(.text) for DisState_Switch
    main.o(.text) refers to 5v7_initial code_td4302_v1.o(.data) for SSDInitCode
    main.o(.text) refers to main.o(.data) for TEST_MODE
    main.o(.text) refers to common_otp code_td4302_v1.o(.data) for OTP_TIMES
    main.o(.text) refers to main.o(.conststring) for .conststring
    stm32f2xx_it.o(.text) refers to systick.o(.text) for Timer_Decrement
    stm32f2xx_it.o(.text) refers to usart.o(.text) for USART1_RXD
    stm32f2xx_it.o(.text) refers to timer.o(.text) for TIM2_EventProcess
    stm32f2xx_it.o(.text) refers to sdcard.o(.text) for SD_ProcessIRQSrc
    systick.o(.text) refers to printfa.o(i.__0printf) for __2printf
    systick.o(.text) refers to system_stm32f2xx.o(.data) for SystemCoreClock
    systick.o(.text) refers to systick.o(.data) for DelayUsCnt
    board_conf.o(.text) refers to misc.o(.text) for NVIC_PriorityGroupConfig
    board_conf.o(.text) refers to sdcard.o(.text) for SDDMA_VIC_Init
    board_conf.o(.text) refers to stm32f2xx_rcc.o(.text) for RCC_AHB1PeriphClockCmd
    board_conf.o(.text) refers to usart.o(.text) for USART1_Config
    board_conf.o(.text) refers to fpga.o(.text) for Project_Info_Upload
    board_conf.o(.text) refers to printfa.o(i.__0printf) for __2printf
    board_conf.o(.text) refers to systick.o(.text) for SysTick_Init
    board_conf.o(.text) refers to timer.o(.text) for TIM2_Config
    board_conf.o(.text) refers to lcd_test.o(.text) for TEST_Config_ON
    board_conf.o(.text) refers to led.o(.text) for LED_Config
    board_conf.o(.text) refers to key.o(.text) for KEY_Config
    board_conf.o(.text) refers to power.o(.text) for POWER_EN_Config
    board_conf.o(.text) refers to eeprom.o(.text) for EEPROM_I2C_Config
    board_conf.o(.text) refers to digital_sensor.o(.text) for DSENSOR_I2C_Config
    board_conf.o(.text) refers to admesy.o(.text) for Admesy_Init
    board_conf.o(.text) refers to ssd2828.o(.text) for SSD2828_SPI_Config
    board_conf.o(.text) refers to lcd.o(.text) for LCD_RST_Config
    board_conf.o(.text) refers to adc.o(.text) for ADC3_Config
    board_conf.o(.text) refers to printfa.o(i.__0sprintf) for __2sprintf
    board_conf.o(.text) refers to bsp_bmp.o(.text) for SD_Write_Str2File
    board_conf.o(.text) refers to main.o(.data) for TEST_MODE
[...]
    ADC_GetSoftwareStartConvStatus           0x08001349   Thumb Code    20  stm32f2xx_adc.o(.text)
    ADC_EOCOnEachRegularChannelCmd           0x0800135d   Thumb Code    22  stm32f2xx_adc.o(.text)
    ADC_ContinuousModeCmd                    0x08001373   Thumb Code    22  stm32f2xx_adc.o(.text)
    ADC_DiscModeChannelCountConfig           0x08001389   Thumb Code    24  stm32f2xx_adc.o(.text)
    ADC_DiscModeCmd                          0x080013a1   Thumb Code    22  stm32f2xx_adc.o(.text)
    ADC_GetConversionValue                   0x080013b7   Thumb Code     8  stm32f2xx_adc.o(.text)
    ADC_GetMultiModeConversionValue          0x080013bf   Thumb Code     8  stm32f2xx_adc.o(.text)
    ADC_DMACmd                               0x080013c7   Thumb Code    22  stm32f2xx_adc.o(.text)
    ADC_DMARequestAfterLastTransferCmd       0x080013dd   Thumb Code    22  stm32f2xx_adc.o(.text)
    ADC_MultiModeDMARequestAfterLastTransferCmd 0x080013f3   Thumb Code    34  stm32f2xx_adc.o(.text)
    ADC_InjectedChannelConfig                0x08001415   Thumb Code   130  stm32f2xx_adc.o(.text)
    ADC_InjectedSequencerLengthConfig        0x08001497   Thumb Code    24  stm32f2xx_adc.o(.text)
    ADC_SetInjectedOffset                    0x080014af   Thumb Code    20  stm32f2xx_adc.o(.text)
    ADC_ExternalTrigInjectedConvConfig       0x080014c3   Thumb Code    16  stm32f2xx_adc.o(.text)
    ADC_ExternalTrigInjectedConvEdgeConfig   0x080014d3   Thumb Code    16  stm32f2xx_adc.o(.text)
    ADC_SoftwareStartInjectedConv            0x080014e3   Thumb Code    10  stm32f2xx_adc.o(.text)
    ADC_GetSoftwareStartInjectedConvCmdStatus 0x080014ed   Thumb Code    20  stm32f2xx_adc.o(.text)
    ADC_AutoInjectedConvCmd                  0x08001501   Thumb Code    22  stm32f2xx_adc.o(.text)
    ADC_InjectedDiscModeCmd                  0x08001517   Thumb Code    22  stm32f2xx_adc.o(.text)
    ADC_GetInjectedConversionValue           0x0800152d   Thumb Code    28  stm32f2xx_adc.o(.text)
    ADC_ITConfig                             0x08001549   Thumb Code    56  stm32f2xx_adc.o(.text)
    ADC_GetFlagStatus                        0x08001581   Thumb Code    18  stm32f2xx_adc.o(.text)
    ADC_ClearFlag                            0x08001593   Thumb Code     6  stm32f2xx_adc.o(.text)
    ADC_GetITStatus                          0x08001599   Thumb Code    38  stm32f2xx_adc.o(.text)
    ADC_ClearITPendingBit                    0x080015bf   Thumb Code    10  stm32f2xx_adc.o(.text)
    NVIC_PriorityGroupConfig                 0x080015c9   Thumb Code    10  misc.o(.text)
    NVIC_Init                                0x080015d3   Thumb Code   106  misc.o(.text)
    NVIC_SetVectorTable                      0x0800163d   Thumb Code    14  misc.o(.text)
    NVIC_SystemLPConfig                      0x0800164b   Thumb Code    34  misc.o(.text)
    SysTick_CLKSourceConfig                  0x0800166d   Thumb Code    40  misc.o(.text)
    FSMC_NORSRAMDeInit                       0x080016a9   Thumb Code    54  stm32f2xx_fsmc.o(.text)
    FSMC_NORSRAMInit                         0x080016df   Thumb Code   230  stm32f2xx_fsmc.o(.text)
    FSMC_NORSRAMStructInit                   0x080017c5   Thumb Code   114  stm32f2xx_fsmc.o(.text)
    FSMC_NORSRAMCmd                          0x08001837   Thumb Code    46  stm32f2xx_fsmc.o(.text)
    FSMC_NANDDeInit                          0x08001865   Thumb Code    62  stm32f2xx_fsmc.o(.text)
    FSMC_NANDInit                            0x080018a3   Thumb Code   132  stm32f2xx_fsmc.o(.text)
    FSMC_NANDStructInit                      0x08001927   Thumb Code    54  stm32f2xx_fsmc.o(.text)
    FSMC_NANDCmd                             0x0800195d   Thumb Code    86  stm32f2xx_fsmc.o(.text)
    FSMC_NANDECCCmd                          0x080019b3   Thumb Code    86  stm32f2xx_fsmc.o(.text)
    FSMC_GetECC                              0x08001a09   Thumb Code    24  stm32f2xx_fsmc.o(.text)
    FSMC_PCCARDDeInit                        0x08001a21   Thumb Code    36  stm32f2xx_fsmc.o(.text)
    FSMC_PCCARDInit                          0x08001a45   Thumb Code   130  stm32f2xx_fsmc.o(.text)
    FSMC_PCCARDStructInit                    0x08001ac7   Thumb Code    60  stm32f2xx_fsmc.o(.text)
    FSMC_PCCARDCmd                           0x08001b03   Thumb Code    44  stm32f2xx_fsmc.o(.text)
    FSMC_ITConfig                            0x08001b2f   Thumb Code   128  stm32f2xx_fsmc.o(.text)
    FSMC_GetFlagStatus                       0x08001baf   Thumb Code    54  stm32f2xx_fsmc.o(.text)
    FSMC_ClearFlag                           0x08001be5   Thumb Code    62  stm32f2xx_fsmc.o(.text)
    FSMC_GetITStatus                         0x08001c23   Thumb Code    72  stm32f2xx_fsmc.o(.text)
    FSMC_ClearITPendingBit                   0x08001c6b   Thumb Code    66  stm32f2xx_fsmc.o(.text)
    SDIO_DeInit                              0x08001cb1   Thumb Code    22  stm32f2xx_sdio.o(.text)
    SDIO_Init                                0x08001cc7   Thumb Code    42  stm32f2xx_sdio.o(.text)
    SDIO_StructInit                          0x08001cf1   Thumb Code    16  stm32f2xx_sdio.o(.text)
    SDIO_ClockCmd                            0x08001d01   Thumb Code     6  stm32f2xx_sdio.o(.text)
    SDIO_SetPowerState                       0x08001d07   Thumb Code    26  stm32f2xx_sdio.o(.text)
    SDIO_GetPowerState                       0x08001d21   Thumb Code    12  stm32f2xx_sdio.o(.text)
    SDIO_SendCommand                         0x08001d2d   Thumb Code    42  stm32f2xx_sdio.o(.text)
    SDIO_CmdStructInit                       0x08001d57   Thumb Code    14  stm32f2xx_sdio.o(.text)
    SDIO_GetCommandResponse                  0x08001d65   Thumb Code    10  stm32f2xx_sdio.o(.text)
    SDIO_GetResponse                         0x08001d6f   Thumb Code    22  stm32f2xx_sdio.o(.text)
    SDIO_DataConfig                          0x08001d85   Thumb Code    48  stm32f2xx_sdio.o(.text)
    SDIO_DataStructInit                      0x08001db5   Thumb Code    20  stm32f2xx_sdio.o(.text)
    SDIO_GetDataCounter                      0x08001dc9   Thumb Code     8  stm32f2xx_sdio.o(.text)
    SDIO_ReadData                            0x08001dd1   Thumb Code     8  stm32f2xx_sdio.o(.text)
    SDIO_WriteData                           0x08001dd9   Thumb Code     8  stm32f2xx_sdio.o(.text)
    SDIO_GetFIFOCount                        0x08001de1   Thumb Code     8  stm32f2xx_sdio.o(.text)
    SDIO_StartSDIOReadWait                   0x08001de9   Thumb Code     6  stm32f2xx_sdio.o(.text)
    SDIO_StopSDIOReadWait                    0x08001def   Thumb Code     8  stm32f2xx_sdio.o(.text)
    SDIO_SetSDIOReadWaitMode                 0x08001df7   Thumb Code     8  stm32f2xx_sdio.o(.text)
    SDIO_SetSDIOOperation                    0x08001dff   Thumb Code     8  stm32f2xx_sdio.o(.text)
    SDIO_SendSDIOSuspendCmd                  0x08001e07   Thumb Code     6  stm32f2xx_sdio.o(.text)
    SDIO_CommandCompletionCmd                0x08001e0d   Thumb Code     8  stm32f2xx_sdio.o(.text)
    SDIO_CEATAITCmd                          0x08001e15   Thumb Code    12  stm32f2xx_sdio.o(.text)
    SDIO_SendCEATACmd                        0x08001e21   Thumb Code     8  stm32f2xx_sdio.o(.text)
    SDIO_DMACmd                              0x08001e29   Thumb Code     8  stm32f2xx_sdio.o(.text)
    SDIO_ITConfig                            0x08001e31   Thumb Code    34  stm32f2xx_sdio.o(.text)
    SDIO_GetFlagStatus                       0x08001e53   Thumb Code    22  stm32f2xx_sdio.o(.text)
    SDIO_ClearFlag                           0x08001e69   Thumb Code     8  stm32f2xx_sdio.o(.text)
    SDIO_GetITStatus                         0x08001e71   Thumb Code    22  stm32f2xx_sdio.o(.text)
    SDIO_ClearITPendingBit                   0x08001e87   Thumb Code     8  stm32f2xx_sdio.o(.text)
    TIM_DeInit                               0x08001ea1   Thumb Code   346  stm32f2xx_tim.o(.text)
    TIM_TimeBaseInit                         0x08001ffb   Thumb Code   104  stm32f2xx_tim.o(.text)
    TIM_TimeBaseStructInit                   0x08002063   Thumb Code    18  stm32f2xx_tim.o(.text)
    TIM_PrescalerConfig                      0x08002075   Thumb Code     6  stm32f2xx_tim.o(.text)
    TIM_CounterModeConfig                    0x0800207b   Thumb Code    18  stm32f2xx_tim.o(.text)
    TIM_SetCounter                           0x0800208d   Thumb Code     4  stm32f2xx_tim.o(.text)
    TIM_SetAutoreload                        0x08002091   Thumb Code     4  stm32f2xx_tim.o(.text)
    TIM_GetCounter                           0x08002095   Thumb Code     6  stm32f2xx_tim.o(.text)
    TIM_GetPrescaler                         0x0800209b   Thumb Code     6  stm32f2xx_tim.o(.text)
    TIM_UpdateDisableConfig                  0x080020a1   Thumb Code    24  stm32f2xx_tim.o(.text)
    TIM_UpdateRequestConfig                  0x080020b9   Thumb Code    24  stm32f2xx_tim.o(.text)
    TIM_ARRPreloadConfig                     0x080020d1   Thumb Code    24  stm32f2xx_tim.o(.text)
    TIM_SelectOnePulseMode                   0x080020e9   Thumb Code    18  stm32f2xx_tim.o(.text)
    TIM_SetClockDivision                     0x080020fb   Thumb Code    18  stm32f2xx_tim.o(.text)
    TIM_Cmd                                  0x0800210d   Thumb Code    24  stm32f2xx_tim.o(.text)
    TIM_OC1Init                              0x08002125   Thumb Code   114  stm32f2xx_tim.o(.text)
    TIM_OC2Init                              0x08002197   Thumb Code   154  stm32f2xx_tim.o(.text)
    TIM_OC3Init                              0x08002231   Thumb Code   204  stm32f2xx_tim.o(.text)
    TIM_OC4Init                              0x080022fd   Thumb Code   112  stm32f2xx_tim.o(.text)
    TIM_OCStructInit                         0x0800236d   Thumb Code    20  stm32f2xx_tim.o(.text)
    TIM_SelectOCxM                           0x08002381   Thumb Code    86  stm32f2xx_tim.o(.text)
    TIM_SetCompare1                          0x080023d7   Thumb Code     4  stm32f2xx_tim.o(.text)
    TIM_SetCompare2                          0x080023db   Thumb Code     4  stm32f2xx_tim.o(.text)
    TIM_SetCompare3                          0x080023df   Thumb Code     4  stm32f2xx_tim.o(.text)
    TIM_SetCompare4                          0x080023e3   Thumb Code     4  stm32f2xx_tim.o(.text)
    TIM_ForcedOC1Config                      0x080023e7   Thumb Code    18  stm32f2xx_tim.o(.text)
    TIM_ForcedOC2Config                      0x080023f9   Thumb Code    26  stm32f2xx_tim.o(.text)
    TIM_ForcedOC3Config                      0x08002413   Thumb Code    18  stm32f2xx_tim.o(.text)
    TIM_ForcedOC4Config                      0x08002425   Thumb Code    26  stm32f2xx_tim.o(.text)
    TIM_OC1PreloadConfig                     0x0800243f   Thumb Code    18  stm32f2xx_tim.o(.text)
    TIM_OC2PreloadConfig                     0x08002451   Thumb Code    26  stm32f2xx_tim.o(.text)
    TIM_OC3PreloadConfig                     0x0800246b   Thumb Code    18  stm32f2xx_tim.o(.text)
    TIM_OC4PreloadConfig                     0x0800247d   Thumb Code    26  stm32f2xx_tim.o(.text)
    TIM_OC1FastConfig                        0x08002497   Thumb Code    18  stm32f2xx_tim.o(.text)
    TIM_OC2FastConfig                        0x080024a9   Thumb Code    26  stm32f2xx_tim.o(.text)
    TIM_OC3FastConfig                        0x080024c3   Thumb Code    18  stm32f2xx_tim.o(.text)
    TIM_OC4FastConfig                        0x080024d5   Thumb Code    26  stm32f2xx_tim.o(.text)
    TIM_ClearOC1Ref                          0x080024ef   Thumb Code    18  stm32f2xx_tim.o(.text)
    TIM_ClearOC2Ref                          0x08002501   Thumb Code    24  stm32f2xx_tim.o(.text)
    TIM_ClearOC3Ref                          0x08002519   Thumb Code    18  stm32f2xx_tim.o(.text)
    TIM_ClearOC4Ref                          0x0800252b   Thumb Code    24  stm32f2xx_tim.o(.text)
    TIM_OC1PolarityConfig                    0x08002543   Thumb Code    18  stm32f2xx_tim.o(.text)
    TIM_OC1NPolarityConfig                   0x08002555   Thumb Code    18  stm32f2xx_tim.o(.text)
    TIM_OC2PolarityConfig                    0x08002567   Thumb Code    26  stm32f2xx_tim.o(.text)
    TIM_OC2NPolarityConfig                   0x08002581   Thumb Code    26  stm32f2xx_tim.o(.text)
    TIM_OC3PolarityConfig                    0x0800259b   Thumb Code    26  stm32f2xx_tim.o(.text)
    TIM_OC3NPolarityConfig                   0x080025b5   Thumb Code    26  stm32f2xx_tim.o(.text)
    TIM_OC4PolarityConfig                    0x080025cf   Thumb Code    26  stm32f2xx_tim.o(.text)
    TIM_CCxCmd                               0x080025e9   Thumb Code    30  stm32f2xx_tim.o(.text)
    TIM_CCxNCmd                              0x08002607   Thumb Code    30  stm32f2xx_tim.o(.text)
    TIM_SetIC4Prescaler                      0x08002625   Thumb Code    26  stm32f2xx_tim.o(.text)
    TIM_SetIC3Prescaler                      0x0800268f   Thumb Code    18  stm32f2xx_tim.o(.text)
    TIM_SetIC2Prescaler                      0x080026e9   Thumb Code    26  stm32f2xx_tim.o(.text)
    TIM_SetIC1Prescaler                      0x0800275d   Thumb Code    18  stm32f2xx_tim.o(.text)
    TIM_ICInit                               0x080027a9   Thumb Code   110  stm32f2xx_tim.o(.text)
    TIM_ICStructInit                         0x08002817   Thumb Code    18  stm32f2xx_tim.o(.text)
    TIM_PWMIConfig                           0x08002829   Thumb Code   124  stm32f2xx_tim.o(.text)
    TIM_GetCapture1                          0x080028a5   Thumb Code     6  stm32f2xx_tim.o(.text)
    TIM_GetCapture2                          0x080028ab   Thumb Code     6  stm32f2xx_tim.o(.text)
    TIM_GetCapture3                          0x080028b1   Thumb Code     6  stm32f2xx_tim.o(.text)
    TIM_GetCapture4                          0x080028b7   Thumb Code     6  stm32f2xx_tim.o(.text)
    TIM_BDTRConfig                           0x080028bd   Thumb Code    32  stm32f2xx_tim.o(.text)
    TIM_BDTRStructInit                       0x080028dd   Thumb Code    18  stm32f2xx_tim.o(.text)
    TIM_CtrlPWMOutputs                       0x080028ef   Thumb Code    30  stm32f2xx_tim.o(.text)
    TIM_SelectCOM                            0x0800290d   Thumb Code    24  stm32f2xx_tim.o(.text)
    TIM_CCPreloadControl                     0x08002925   Thumb Code    24  stm32f2xx_tim.o(.text)
    TIM_ITConfig                             0x0800293d   Thumb Code    18  stm32f2xx_tim.o(.text)
    TIM_GenerateEvent                        0x0800294f   Thumb Code     4  stm32f2xx_tim.o(.text)
    TIM_GetFlagStatus                        0x08002953   Thumb Code    18  stm32f2xx_tim.o(.text)
    TIM_ClearFlag                            0x08002965   Thumb Code     6  stm32f2xx_tim.o(.text)
    TIM_GetITStatus                          0x0800296b   Thumb Code    34  stm32f2xx_tim.o(.text)
    TIM_ClearITPendingBit                    0x0800298d   Thumb Code     6  stm32f2xx_tim.o(.text)
    TIM_DMAConfig                            0x08002993   Thumb Code    10  stm32f2xx_tim.o(.text)
    TIM_DMACmd                               0x0800299d   Thumb Code    18  stm32f2xx_tim.o(.text)
    TIM_SelectCCDMA                          0x080029af   Thumb Code    24  stm32f2xx_tim.o(.text)
    TIM_InternalClockConfig                  0x080029c7   Thumb Code    12  stm32f2xx_tim.o(.text)
    TIM_SelectInputTrigger                   0x080029d3   Thumb Code    18  stm32f2xx_tim.o(.text)
    TIM_ITRxExternalClockConfig              0x080029e5   Thumb Code    24  stm32f2xx_tim.o(.text)
    TIM_TIxExternalClockConfig               0x080029fd   Thumb Code    62  stm32f2xx_tim.o(.text)
    TIM_ETRConfig                            0x08002a3b   Thumb Code    28  stm32f2xx_tim.o(.text)
    TIM_ETRClockMode1Config                  0x08002a57   Thumb Code    54  stm32f2xx_tim.o(.text)
    TIM_ETRClockMode2Config                  0x08002a8d   Thumb Code    32  stm32f2xx_tim.o(.text)
    TIM_SelectOutputTrigger                  0x08002aad   Thumb Code    18  stm32f2xx_tim.o(.text)
    TIM_SelectSlaveMode                      0x08002abf   Thumb Code    18  stm32f2xx_tim.o(.text)
    TIM_SelectMasterSlaveMode                0x08002ad1   Thumb Code    18  stm32f2xx_tim.o(.text)
    TIM_EncoderInterfaceConfig               0x08002ae3   Thumb Code    66  stm32f2xx_tim.o(.text)
    TIM_SelectHallSensor                     0x08002b25   Thumb Code    24  stm32f2xx_tim.o(.text)
    TIM_RemapConfig                          0x08002b3d   Thumb Code     6  stm32f2xx_tim.o(.text)
    SystemInit                               0x08002c05   Thumb Code    74  system_stm32f2xx.o(.text)
    SystemCoreClockUpdate                    0x08002c4f   Thumb Code   174  system_stm32f2xx.o(.text)
    LCM_Init                                 0x08002d25   Thumb Code   348  main.o(.text)
    main                                     0x08002e81   Thumb Code   440  main.o(.text)
    NMI_Handler                              0x080031b9   Thumb Code     2  stm32f2xx_it.o(.text)
    HardFault_Handler                        0x080031bb   Thumb Code     4  stm32f2xx_it.o(.text)
    MemManage_Handler                        0x080031bf   Thumb Code     4  stm32f2xx_it.o(.text)
    BusFault_Handler                         0x080031c3   Thumb Code     4  stm32f2xx_it.o(.text)
    UsageFault_Handler                       0x080031c7   Thumb Code     4  stm32f2xx_it.o(.text)
    SVC_Handler                              0x080031cb   Thumb Code     2  stm32f2xx_it.o(.text)
    DebugMon_Handler                         0x080031cd   Thumb Code     2  stm32f2xx_it.o(.text)
    PendSV_Handler                           0x080031cf   Thumb Code     2  stm32f2xx_it.o(.text)
    SysTick_Handler                          0x080031d1   Thumb Code     8  stm32f2xx_it.o(.text)
    USART1_IRQHandler                        0x080031d9   Thumb Code     8  stm32f2xx_it.o(.text)
    UART4_IRQHandler                         0x080031e1   Thumb Code     8  stm32f2xx_it.o(.text)
    TIM2_IRQHandler                          0x080031e9   Thumb Code     8  stm32f2xx_it.o(.text)
    TIM3_IRQHandler                          0x080031f1   Thumb Code     8  stm32f2xx_it.o(.text)
    TIM4_IRQHandler                          0x080031f9   Thumb Code     8  stm32f2xx_it.o(.text)
    SDIO_IRQHandler                          0x08003201   Thumb Code     8  stm32f2xx_it.o(.text)
    DMA2_Stream3_IRQHandler                  0x08003209   Thumb Code     8  stm32f2xx_it.o(.text)
    SysTick_Init                             0x08003211   Thumb Code   122  systick.o(.text)
    Delay_us                                 0x0800328b   Thumb Code    52  systick.o(.text)
    Delay_ms                                 0x080032bf   Thumb Code    26  systick.o(.text)
    Delay_sec                                0x080032d9   Thumb Code    26  systick.o(.text)
    Timer_Decrement                          0x080032f3   Thumb Code    18  systick.o(.text)
    NVIC_Config                              0x08003355   Thumb Code   192  board_conf.o(.text)
    Board_Init                               0x08003415   Thumb Code   302  board_conf.o(.text)
    USART1_Config                            0x080037dd   Thumb Code   168  usart.o(.text)
    UART4_Config                             0x08003885   Thumb Code   162  usart.o(.text)
    fputc                                    0x08003927   Thumb Code    32  usart.o(.text)
    PC_Data_Reciever                         0x08003947   Thumb Code   234  usart.o(.text)
    MSE_Data_Reciever                        0x08003a31   Thumb Code    90  usart.o(.text)
    USART1_RXD                               0x08003a8b   Thumb Code     8  usart.o(.text)
    UART4_RXD                                0x08003a93   Thumb Code     8  usart.o(.text)
    USART_EventProcess                       0x08003a9b   Thumb Code  3776  usart.o(.text)
    USART_printf                             0x080049bd   Thumb Code   262  usart.o(.text)
    Debug_Printf                             0x08004ac3   Thumb Code    30  usart.o(.text)
    TIM2_Config                              0x08004b85   Thumb Code    82  timer.o(.text)
    TIM3_Config                              0x08004bd7   Thumb Code    82  timer.o(.text)
    TIM4_Config                              0x08004c29   Thumb Code    82  timer.o(.text)
    TIM2_EventProcess                        0x08004c7b   Thumb Code    28  timer.o(.text)
    TIM3_EventProcess                        0x08004c97   Thumb Code    32  timer.o(.text)
    TIM4_EventProcess                        0x08004cb7   Thumb Code    44  timer.o(.text)
    Admesy_Init                              0x08004d11   Thumb Code   574  admesy.o(.text)
    Meas_Flicker                             0x08004f4f   Thumb Code   138  admesy.o(.text)
    Meas_JEITA                               0x08004fd9   Thumb Code   236  admesy.o(.text)
    Meas_CCT_MSE                             0x080050c5   Thumb Code   442  admesy.o(.text)
    Meas_XYZ                                 0x0800527f   Thumb Code   108  admesy.o(.text)
    Meas_Yxy                                 0x080052eb   Thumb Code   256  admesy.o(.text)
    Meas_CCT                                 0x080053eb   Thumb Code   238  admesy.o(.text)
    fft                                      0x080055f5   Thumb Code   516  admesy_flicker.o(.text)
    fftold                                   0x080057f9   Thumb Code   636  admesy_flicker.o(.text)
    JEITA_weighing                           0x08005a75   Thumb Code   200  admesy_flicker.o(.text)
    calc_JEITA_flicker                       0x08005b3d   Thumb Code   302  admesy_flicker.o(.text)
    calc_VESA_flicker                        0x08005c6b   Thumb Code   320  admesy_flicker.o(.text)
    calc_flicker_mm                          0x08005dab   Thumb Code   308  admesy_flicker.o(.text)
    calc_flicker_rms                         0x08005edf   Thumb Code   262  admesy_flicker.o(.text)
    dft                                      0x08005fe5   Thumb Code   320  admesy_flicker.o(.text)
    idft                                     0x08006125   Thumb Code   372  admesy_flicker.o(.text)
    kiss_fft_alloc                           0x08006fcb   Thumb Code   218  kiss_fft.o(.text)
    kiss_fft_stride                          0x080070a5   Thumb Code    90  kiss_fft.o(.text)
    kiss_fft                                 0x080070ff   Thumb Code    22  kiss_fft.o(.text)
    kiss_fft_cleanup                         0x08007115   Thumb Code     2  kiss_fft.o(.text)
    kiss_fft_next_fast_size                  0x08007117   Thumb Code    94  kiss_fft.o(.text)
    ADC3_Config                              0x08007181   Thumb Code   250  adc.o(.text)
    BubbleSort                               0x0800727b   Thumb Code    66  adc.o(.text)
    ReadSensor                               0x080072bd   Thumb Code   202  adc.o(.text)
    Voltage                                  0x08007387   Thumb Code    96  adc.o(.text)
    Sys_DET_Resistor                         0x080073e7   Thumb Code   160  adc.o(.text)
    Con_Check                                0x08007487   Thumb Code    60  adc.o(.text)
    I2C_Start                                0x08007569   Thumb Code    64  i2c.o(.text)
    I2C_Stop                                 0x080075a9   Thumb Code    64  i2c.o(.text)
    I2C_Ack                                  0x080075e9   Thumb Code    64  i2c.o(.text)
    I2C_Uak                                  0x08007629   Thumb Code    52  i2c.o(.text)
    I2C_Check_Ack                            0x0800765d   Thumb Code   182  i2c.o(.text)
    I2C_Tx                                   0x08007713   Thumb Code    96  i2c.o(.text)
    I2C_Rx                                   0x08007773   Thumb Code   178  i2c.o(.text)
    I2C_Write                                0x08007825   Thumb Code    26  i2c.o(.text)
    I2C_Read_Ack                             0x0800783f   Thumb Code    16  i2c.o(.text)
    I2C_Read_Uak                             0x0800784f   Thumb Code    16  i2c.o(.text)
    I2C_Write_Byte                           0x0800785f   Thumb Code   102  i2c.o(.text)
    I2C_Write_Byte16                         0x080078c5   Thumb Code   120  i2c.o(.text)
    I2C_Read_Byte                            0x0800793d   Thumb Code   138  i2c.o(.text)
    I2C_Read_Byte16                          0x080079c7   Thumb Code   136  i2c.o(.text)
    I2C_Sequential_Write                     0x08007a4f   Thumb Code   144  i2c.o(.text)
    I2C_Sequential_Write16                   0x08007adf   Thumb Code   162  i2c.o(.text)
    I2C_Sequential_Read                      0x08007b81   Thumb Code   146  i2c.o(.text)
    I2C_Sequential_Read16                    0x08007c13   Thumb Code   166  i2c.o(.text)
    I2C_Check_Addr                           0x08007cb9   Thumb Code    56  i2c.o(.text)
    POWER_EN_Config                          0x08007cf5   Thumb Code   112  power.o(.text)
    POWER_I2C_Config                         0x08007d65   Thumb Code    68  power.o(.text)
    POWER_I2C_SETTING                        0x08007da9   Thumb Code   328  power.o(.text)
    LCMPower_Init                            0x08007ef1   Thumb Code    30  power.o(.text)
    LCMPower_ON                              0x08007f0f   Thumb Code    54  power.o(.text)
    LCMPower_OFF                             0x08007f45   Thumb Code    66  power.o(.text)
    LCMPower_ON1                             0x08007f87   Thumb Code    50  power.o(.text)
    LCMPower_OFF1                            0x08007fb9   Thumb Code    62  power.o(.text)
    Check_ADCADDR                            0x08008131   Thumb Code    62  digital_sensor.o(.text)
    DSENSOR_I2C_Config                       0x0800816f   Thumb Code    72  digital_sensor.o(.text)
    I2C_ReadSensor                           0x080081b7   Thumb Code    48  digital_sensor.o(.text)
    DSENSOR_I2C_GetFlicker                   0x080081e7   Thumb Code   206  digital_sensor.o(.text)
    DSENSOR_Test                             0x080082b5   Thumb Code    88  digital_sensor.o(.text)
    EEPROM_I2C_Config                        0x080083b5   Thumb Code    88  eeprom.o(.text)
    EEPROM_I2C_Write                         0x0800840d   Thumb Code   170  eeprom.o(.text)
    EEPROM_I2C_Read                          0x080084b7   Thumb Code    66  eeprom.o(.text)
    EEPROM_WR_Verify                         0x080084f9   Thumb Code   114  eeprom.o(.text)
    Get_Test_Mode                            0x0800856b   Thumb Code    14  eeprom.o(.text)
    Set_Test_Mode                            0x08008579   Thumb Code    14  eeprom.o(.text)
    Disp_Test_Mode                           0x08008587   Thumb Code   160  eeprom.o(.text)
    LED_Config                               0x08008779   Thumb Code    60  led.o(.text)
    LED_ON                                   0x080087b5   Thumb Code    22  led.o(.text)
    LED_OFF                                  0x080087cb   Thumb Code    22  led.o(.text)
    LED_Toggle                               0x080087e1   Thumb Code    22  led.o(.text)
    KEY_Config                               0x08008809   Thumb Code    62  key.o(.text)
    KEY_GetState                             0x08008847   Thumb Code   188  key.o(.text)
    KEY_SLEEPIN                              0x08008903   Thumb Code    44  key.o(.text)
    DisState_Switch                          0x0800892f   Thumb Code   512  key.o(.text)
    SSD2828_SPI_Config                       0x08008ba1   Thumb Code   186  ssd2828.o(.text)
    MIPI_Reset                               0x08008c5b   Thumb Code    38  ssd2828.o(.text)
    SPI3Read                                 0x08008c81   Thumb Code   132  ssd2828.o(.text)
    SPI3Write                                0x08008d05   Thumb Code    80  ssd2828.o(.text)
    WriteCMD2SSD                             0x08008d55   Thumb Code    86  ssd2828.o(.text)
    WriteDATA2SSD                            0x08008dab   Thumb Code    88  ssd2828.o(.text)
    ReadSSDReg                               0x08008e03   Thumb Code    58  ssd2828.o(.text)
    IC_Init                                  0x08008e3d   Thumb Code   538  ssd2828.o(.text)
    WriteSSDReg                              0x08009057   Thumb Code    34  ssd2828.o(.text)
    WriteDriverReg                           0x08009079   Thumb Code    62  ssd2828.o(.text)
    ReadDriverReg                            0x080090b7   Thumb Code   200  ssd2828.o(.text)
    MIPI_DCS_Write                           0x0800917f   Thumb Code    84  ssd2828.o(.text)
    MIPI_GEN_Write                           0x080091d3   Thumb Code    84  ssd2828.o(.text)
    MIPI_DCS_Read                            0x08009227   Thumb Code    50  ssd2828.o(.text)
    MIPI_GEN_Read                            0x08009259   Thumb Code    60  ssd2828.o(.text)
    SSD2828_Init                             0x08009295   Thumb Code   140  ssd2828.o(.text)
    FPGA_FSMC_Config                         0x080094b9   Thumb Code   318  fpga.o(.text)
    FPGA_SPI_Config                          0x080095f7   Thumb Code   168  fpga.o(.text)
    FPGA_SPI3Write                           0x0800969f   Thumb Code    82  fpga.o(.text)
    FPGA_SPI3Read                            0x080096f1   Thumb Code    98  fpga.o(.text)
    FPGA_Reset                               0x08009753   Thumb Code    36  fpga.o(.text)
    FPGA_Porch_Set                           0x08009777   Thumb Code   382  fpga.o(.text)
    FPGA_Info_Set                            0x080098f5   Thumb Code    70  fpga.o(.text)
    FPGA_Project_Set                         0x0800993b   Thumb Code    70  fpga.o(.text)
    Version_Set                              0x08009981   Thumb Code   184  fpga.o(.text)
    Project_Info_Upload                      0x08009a39   Thumb Code   162  fpga.o(.text)
    FPGA_Info_Visible                        0x08009adb   Thumb Code    80  fpga.o(.text)
    FPGA_DisPattern                          0x08009b2b   Thumb Code    88  fpga.o(.text)
    FPGA_DisPicture                          0x08009b83   Thumb Code    30  fpga.o(.text)
    FPGA_PIC_WR_CFG                          0x08009ba1   Thumb Code    76  fpga.o(.text)
    FPGA_INIT_END_INFO                       0x08009bed   Thumb Code    18  fpga.o(.text)
    FPGA_PORT_MAP                            0x08009bff   Thumb Code    32  fpga.o(.text)
    LCD_RST_Config                           0x08009de9   Thumb Code    52  lcd.o(.text)
    DriverIC_Reset                           0x08009e1d   Thumb Code    42  lcd.o(.text)
    LCD_SoftReset                            0x08009e47   Thumb Code    80  lcd.o(.text)
    LCD_SleepIn                              0x08009e97   Thumb Code    96  lcd.o(.text)
    LCD_SleepOut                             0x08009ef7   Thumb Code    90  lcd.o(.text)
    LCD_DisplayOff                           0x08009f51   Thumb Code    80  lcd.o(.text)
    LCD_DisplayOn                            0x08009fa1   Thumb Code    80  lcd.o(.text)
    LCD_LPMode                               0x08009ff1   Thumb Code    58  lcd.o(.text)
    LCD_HSMode                               0x0800a02b   Thumb Code    58  lcd.o(.text)
    LCD_VideoMode_ON                         0x0800a065   Thumb Code    58  lcd.o(.text)
    LCD_VideoMode_OFF                        0x0800a09f   Thumb Code    58  lcd.o(.text)
    MIPI_SleepMode_ON                        0x0800a0d9   Thumb Code    58  lcd.o(.text)
    MIPI_SleepMode_OFF                       0x0800a113   Thumb Code    58  lcd.o(.text)
    LCD_PWM                                  0x0800a14d   Thumb Code    90  lcd.o(.text)
    ARM_PWM_Control                          0x0800a1a7   Thumb Code   608  lcd.o(.text)
    SD_DeInit                                0x0800a41d   Thumb Code   126  sdcard.o(.text)
    SD_EnableWideBusOperation                0x0800a93b   Thumb Code   140  sdcard.o(.text)
    SD_SelectDeselect                        0x0800a9c7   Thumb Code    48  sdcard.o(.text)
    SD_GetCardInfo                           0x0800a9f7   Thumb Code   726  sdcard.o(.text)
    SD_InitializeCards                       0x0800adc3   Thumb Code   294  sdcard.o(.text)
    SD_PowerON                               0x0800af91   Thumb Code   408  sdcard.o(.text)
    SD_Init                                  0x0800b129   Thumb Code   114  sdcard.o(.text)
    SD_SendStatus                            0x0800b19b   Thumb Code    64  sdcard.o(.text)
    SD_GetState                              0x0800b1db   Thumb Code    26  sdcard.o(.text)
    SD_GetStatus                             0x0800b1f5   Thumb Code    30  sdcard.o(.text)
    SD_PowerOFF                              0x0800b213   Thumb Code    14  sdcard.o(.text)
    SD_SendSDStatus                          0x0800b221   Thumb Code   362  sdcard.o(.text)
    SD_GetCardStatus                         0x0800b38b   Thumb Code   156  sdcard.o(.text)
    SD_ReadBlock                             0x0800b427   Thumb Code   244  sdcard.o(.text)
    SD_ReadMultiBlocks                       0x0800b51b   Thumb Code   216  sdcard.o(.text)
    SD_WaitReadOperation                     0x0800b5f3   Thumb Code    56  sdcard.o(.text)
    SD_WriteBlock                            0x0800b62b   Thumb Code   190  sdcard.o(.text)
    SD_WriteMultiBlocks                      0x0800b6e9   Thumb Code   294  sdcard.o(.text)
    SD_WaitWriteOperation                    0x0800b80f   Thumb Code    64  sdcard.o(.text)
    SD_GetTransferState                      0x0800b84f   Thumb Code    20  sdcard.o(.text)
    SD_StopTransfer                          0x0800b863   Thumb Code    32  sdcard.o(.text)
    SD_Erase                                 0x0800ba37   Thumb Code   288  sdcard.o(.text)
    SD_ProcessIRQSrc                         0x0800bb57   Thumb Code    74  sdcard.o(.text)
    DMA_ProcessIRQSrc                        0x0800bba1   Thumb Code    20  sdcard.o(.text)
    convert_from_bytes_to_power_of_two       0x0800bbb5   Thumb Code    18  sdcard.o(.text)
    SDDMA_VIC_Init                           0x0800bbc7   Thumb Code    68  sdcard.o(.text)
    Lcd_Load_bmp                             0x0800bced   Thumb Code   356  bsp_bmp.o(.text)
    PIC_Load_BMP                             0x0800be51   Thumb Code   298  bsp_bmp.o(.text)
    PIC_Load_BMP_ET                          0x0800bf7b   Thumb Code   846  bsp_bmp.o(.text)
    SD_Write_Str2File                        0x0800c2c9   Thumb Code    98  bsp_bmp.o(.text)
    TEST_Config_ON                           0x0800c381   Thumb Code   280  lcd_test.o(.text)
    TEST_Config_CTP                          0x0800c499   Thumb Code   102  lcd_test.o(.text)
    TEST_Config_OFF                          0x0800c4ff   Thumb Code   130  lcd_test.o(.text)
    Current_Check_Config                     0x0800c581   Thumb Code   108  lcd_test.o(.text)
    Delay_Lock                               0x0800c5ed   Thumb Code    36  lcd_test.o(.text)
    Auto_Switch_Delay                        0x0800c611   Thumb Code    34  lcd_test.o(.text)
    Test_XXX                                 0x0800c633   Thumb Code    94  lcd_test.o(.text)
    CTP_Start                                0x0800c691   Thumb Code    80  lcd_test.o(.text)
    Differ2_Detect                           0x0800c6e1   Thumb Code     2  lcd_test.o(.text)
    TE_Detect                                0x0800c6e3   Thumb Code     2  lcd_test.o(.text)
    ARM_PWM_Detect                           0x0800c6e5   Thumb Code    98  lcd_test.o(.text)
    PWM_Detect                               0x0800c747   Thumb Code     2  lcd_test.o(.text)
    Connect_Check                            0x0800c749   Thumb Code     2  lcd_test.o(.text)
    Res_Check                                0x0800c74b   Thumb Code     2  lcd_test.o(.text)
    Current_Upload                           0x0800c74d   Thumb Code   430  lcd_test.o(.text)
    Meas_Current_Normal                      0x0800c8fb   Thumb Code   200  lcd_test.o(.text)
    Current_Check                            0x0800c9c3   Thumb Code   394  lcd_test.o(.text)
    Meas_Current_Sleep                       0x0800cb4d   Thumb Code   200  lcd_test.o(.text)
    SleepCurrent_Check                       0x0800cc15   Thumb Code   700  lcd_test.o(.text)
    ESD_Fail_Recover                         0x0800ced1   Thumb Code   118  lcd_test.o(.text)
    ON3sec_OFF3sec                           0x0800cf47   Thumb Code   216  lcd_test.o(.text)
    Visual_check                             0x0800d145   Thumb Code   622  test_debug.o(.text)
    Test_DEBUG                               0x0800d3b3   Thumb Code     8  test_debug.o(.text)
    Test_ET1                                 0x0800d3c5   Thumb Code   278  test_et1.o(.text)
    Test_ET2                                 0x0800d50d   Thumb Code   270  test_et2.o(.text)
    Test_ET3                                 0x0800d635   Thumb Code   336  test_et3.o(.text)
    AutoVcom                                 0x0800d7ad   Thumb Code   832  test_otp.o(.text)
    OTP                                      0x0800daed   Thumb Code   912  test_otp.o(.text)
    Test_OTP                                 0x0800de7d   Thumb Code   258  test_otp.o(.text)
    Gamma_Check                              0x0800df7f   Thumb Code   968  test_otp.o(.text)
    Chroma_Check                             0x0800e347   Thumb Code   302  test_otp.o(.text)
    Contrast_Check                           0x0800e475   Thumb Code   244  test_otp.o(.text)
    RA_Mode_AutoReset                        0x0800e805   Thumb Code    82  test_ra.o(.text)
    Test_RA                                  0x0800e857   Thumb Code     2  test_ra.o(.text)
    ESD_Visual_Check                         0x0800e899   Thumb Code   252  test_esd.o(.text)
    Test_ESD                                 0x0800e995   Thumb Code    12  test_esd.o(.text)
    OD_Visual_Check                          0x0800e9a9   Thumb Code   358  test_od.o(.text)
    Test_OD                                  0x0800eb0f   Thumb Code     8  test_od.o(.text)
    Test_DEMO                                0x0800eb21   Thumb Code   230  test_demo.o(.text)
    Test_CTP                                 0x0800ec11   Thumb Code   316  test_ctp.o(.text)
    Test_OQC1                                0x0800ed55   Thumb Code   306  test_oqc1.o(.text)
    ScanForward                              0x0800eeb1   Thumb Code    74  common_otp code_td4302_v1.o(.text)
    ScanBackward                             0x0800eefb   Thumb Code    74  common_otp code_td4302_v1.o(.text)
    VCOM_Set                                 0x0800ef45   Thumb Code    58  common_otp code_td4302_v1.o(.text)
    Chroma_Set                               0x0800ef7f   Thumb Code    48  common_otp code_td4302_v1.o(.text)
    Date_Set                                 0x0800efaf   Thumb Code    92  common_otp code_td4302_v1.o(.text)
    VCOM_Read                                0x0800f00b   Thumb Code    32  common_otp code_td4302_v1.o(.text)
    OTPTimes_Read                            0x0800f02b   Thumb Code    22  common_otp code_td4302_v1.o(.text)
    OTPSequence                              0x0800f041   Thumb Code   582  common_otp code_td4302_v1.o(.text)
    MES                                      0x0800f287   Thumb Code   576  common_otp code_td4302_v1.o(.text)
    clust2sect                               0x0800f6a5   Thumb Code    26  ff.o(.text)
    get_fat                                  0x0800f6bf   Thumb Code   228  ff.o(.text)
    put_fat                                  0x0800f7a3   Thumb Code   310  ff.o(.text)
    ff_wtoupper                              0x0800fbbf   Thumb Code    46  ff.o(.text)
    gen_numname                              0x0800fd57   Thumb Code   190  ff.o(.text)
    ff_convert                               0x080101cb   Thumb Code    10  ff.o(.text)
    f_mount                                  0x08010a53   Thumb Code    58  ff.o(.text)
    f_open                                   0x08010a8d   Thumb Code   368  ff.o(.text)
    f_read                                   0x08010bfd   Thumb Code   462  ff.o(.text)
    f_write                                  0x08010dcb   Thumb Code   532  ff.o(.text)
    f_sync                                   0x08010fdf   Thumb Code   184  ff.o(.text)
    f_close                                  0x08011097   Thumb Code    22  ff.o(.text)
    f_lseek                                  0x080110ad   Thumb Code   432  ff.o(.text)
    f_opendir                                0x0801125d   Thumb Code   114  ff.o(.text)
    f_readdir                                0x080112cf   Thumb Code    92  ff.o(.text)
    f_stat                                   0x0801132b   Thumb Code    62  ff.o(.text)
    f_getfree                                0x08011369   Thumb Code   276  ff.o(.text)
    f_truncate                               0x0801147d   Thumb Code   156  ff.o(.text)
    f_unlink                                 0x08011519   Thumb Code   182  ff.o(.text)
    f_mkdir                                  0x080115cf   Thumb Code   394  ff.o(.text)
    f_chmod                                  0x08011759   Thumb Code    88  ff.o(.text)
    f_utime                                  0x080117b1   Thumb Code    90  ff.o(.text)
    f_rename                                 0x0801180b   Thumb Code   294  ff.o(.text)
    f_gets                                   0x08011931   Thumb Code    78  ff.o(.text)
    f_putc                                   0x0801197f   Thumb Code    38  ff.o(.text)
    f_puts                                   0x080119a5   Thumb Code    42  ff.o(.text)
    f_printf                                 0x080119cf   Thumb Code   706  ff.o(.text)
    disk_initialize                          0x08011c91   Thumb Code    26  diskio.o(.text)
    disk_status                              0x08011cab   Thumb Code     6  diskio.o(.text)
    disk_read                                0x08011cb1   Thumb Code    94  diskio.o(.text)
    disk_write                               0x08011d0f   Thumb Code    94  diskio.o(.text)
    disk_ioctl                               0x08011d6d   Thumb Code     6  diskio.o(.text)
    get_fattime                              0x08011d73   Thumb Code     4  diskio.o(.text)
    __aeabi_memcpy                           0x08011df9   Thumb Code    36  memcpya.o(.text)
    __aeabi_memcpy4                          0x08011df9   Thumb Code     0  memcpya.o(.text)
    __aeabi_memcpy8                          0x08011df9   Thumb Code     0  memcpya.o(.text)
    strtok                                   0x08011e1d   Thumb Code    62  strtok.o(.text)
    atoi                                     0x08011e61   Thumb Code    26  atoi.o(.text)
    __aeabi_fadd                             0x08011e7b   Thumb Code   164  fadd.o(.text)
    __aeabi_fsub                             0x08011f1f   Thumb Code     6  fadd.o(.text)
    __aeabi_frsub                            0x08011f25   Thumb Code     6  fadd.o(.text)
    __aeabi_fmul                             0x08011f2b   Thumb Code   100  fmul.o(.text)
    __aeabi_dadd                             0x08011f8f   Thumb Code   322  dadd.o(.text)
    __aeabi_dsub                             0x080120d1   Thumb Code     6  dadd.o(.text)
    __aeabi_drsub                            0x080120d7   Thumb Code     6  dadd.o(.text)
    __aeabi_dmul                             0x080120dd   Thumb Code   228  dmul.o(.text)
    __aeabi_ddiv                             0x080121c1   Thumb Code   222  ddiv.o(.text)
    __aeabi_ui2f                             0x0801229f   Thumb Code    10  ffltui.o(.text)
    __aeabi_i2d                              0x080122a9   Thumb Code    34  dflti.o(.text)
    __aeabi_ui2d                             0x080122cb   Thumb Code    26  dfltui.o(.text)
    __aeabi_f2iz                             0x080122e5   Thumb Code    50  ffixi.o(.text)
    __aeabi_f2uiz                            0x08012317   Thumb Code    40  ffixui.o(.text)
    __aeabi_d2iz                             0x0801233f   Thumb Code    62  dfixi.o(.text)
    __aeabi_d2uiz                            0x0801237d   Thumb Code    50  dfixui.o(.text)
    __aeabi_f2d                              0x080123af   Thumb Code    38  f2d.o(.text)
    __aeabi_cdcmpeq                          0x080123d5   Thumb Code     0  cdcmple.o(.text)
    __aeabi_cdcmple                          0x080123d5   Thumb Code    48  cdcmple.o(.text)
    __aeabi_cdrcmple                         0x08012405   Thumb Code    48  cdrcmple.o(.text)
    __aeabi_d2f                              0x08012435   Thumb Code    56  d2f.o(.text)
    __aeabi_cfcmpeq                          0x0801246d   Thumb Code     0  cfcmple.o(.text)
    __aeabi_cfcmple                          0x0801246d   Thumb Code    20  cfcmple.o(.text)
    __aeabi_cfrcmple                         0x08012481   Thumb Code    20  cfrcmple.o(.text)
    __aeabi_uidiv                            0x08012495   Thumb Code     0  uidiv.o(.text)
    __aeabi_uidivmod                         0x08012495   Thumb Code    44  uidiv.o(.text)
    __aeabi_uldivmod                         0x080124c1   Thumb Code    98  uldiv.o(.text)
    __aeabi_llsl                             0x08012523   Thumb Code    30  llshl.o(.text)
    _ll_shift_l                              0x08012523   Thumb Code     0  llshl.o(.text)
    __aeabi_llsr                             0x08012541   Thumb Code    32  llushr.o(.text)
    _ll_ushift_r                             0x08012541   Thumb Code     0  llushr.o(.text)
    __aeabi_lasr                             0x08012561   Thumb Code    36  llsshr.o(.text)
    _ll_sshift_r                             0x08012561   Thumb Code     0  llsshr.o(.text)
    __strtod_int                             0x080125bb   Thumb Code    90  strtod.o(.text)
    strtol                                   0x08012621   Thumb Code   112  strtol.o(.text)
    __I$use$fp                               0x08012691   Thumb Code     0  iusefp.o(.text)
    _float_round                             0x08012691   Thumb Code    18  fepilogue.o(.text)
    _float_epilogue                          0x080126a3   Thumb Code    92  fepilogue.o(.text)
    _double_round                            0x080126ff   Thumb Code    30  depilogue.o(.text)
    _double_epilogue                         0x0801271d   Thumb Code   156  depilogue.o(.text)
    __ARM_scalbn                             0x080127b9   Thumb Code    46  dscalb.o(.text)
    scalbn                                   0x080127b9   Thumb Code     0  dscalb.o(.text)
    _dsqrt                                   0x080127e7   Thumb Code   162  dsqrt.o(.text)
    __aeabi_d2ulz                            0x08012889   Thumb Code    48  dfixul.o(.text)
    __scatterload                            0x080128b9   Thumb Code    28  init.o(.text)
    __scatterload_rt2                        0x080128b9   Thumb Code     0  init.o(.text)
    __rt_ctype_table                         0x080128dd   Thumb Code     4  ctype_o.o(.text)
    isspace                                  0x080128e5   Thumb Code    18  isspace_o.o(.text)
    _scanf_real                              0x080129f9   Thumb Code     0  scanf_fp.o(.text)
    _scanf_really_real                       0x080129f9   Thumb Code   556  scanf_fp.o(.text)
    _sgetc                                   0x08012c31   Thumb Code    30  _sgetc.o(.text)
    _sbackspace                              0x08012c4f   Thumb Code    34  _sgetc.o(.text)
    _strtoul                                 0x08012c71   Thumb Code   158  _strtoul.o(.text)
    _chval                                   0x08012d0f   Thumb Code    28  _chval.o(.text)
    __aeabi_ul2d                             0x08012d2b   Thumb Code    24  dfltul.o(.text)
    __decompress                             0x08012d43   Thumb Code     0  __dclz77c.o(.text)
    __decompress2                            0x08012d43   Thumb Code    94  __dclz77c.o(.text)
    I2C_Delay                                0x08012da1   Thumb Code    10  i2c.o(i.I2C_Delay)
    POWER_IOVCC_Reset                        0x08012dad   Thumb Code    12  power.o(i.POWER_IOVCC_Reset)
    POWER_IOVCC_Set                          0x08012dbd   Thumb Code    12  power.o(i.POWER_IOVCC_Set)
    POWER_OTP_Reset                          0x08012dcd   Thumb Code    14  power.o(i.POWER_OTP_Reset)
    POWER_VCI_Reset                          0x08012de1   Thumb Code    12  power.o(i.POWER_VCI_Reset)
    POWER_VCI_Set                            0x08012df1   Thumb Code    12  power.o(i.POWER_VCI_Set)
    POWER_VSN_Reset                          0x08012e01   Thumb Code    12  power.o(i.POWER_VSN_Reset)
    POWER_VSN_Set                            0x08012e11   Thumb Code    12  power.o(i.POWER_VSN_Set)
    POWER_VSP_Reset                          0x08012e21   Thumb Code    14  power.o(i.POWER_VSP_Reset)
    POWER_VSP_Set                            0x08012e35   Thumb Code    14  power.o(i.POWER_VSP_Set)
    __0printf                                0x08012e49   Thumb Code    22  printfa.o(i.__0printf)
    __1printf                                0x08012e49   Thumb Code     0  printfa.o(i.__0printf)
    __2printf                                0x08012e49   Thumb Code     0  printfa.o(i.__0printf)
    __c89printf                              0x08012e49   Thumb Code     0  printfa.o(i.__0printf)
    printf                                   0x08012e49   Thumb Code     0  printfa.o(i.__0printf)
    __0sprintf                               0x08012e69   Thumb Code    34  printfa.o(i.__0sprintf)
    __1sprintf                               0x08012e69   Thumb Code     0  printfa.o(i.__0sprintf)
    __2sprintf                               0x08012e69   Thumb Code     0  printfa.o(i.__0sprintf)
    __c89sprintf                             0x08012e69   Thumb Code     0  printfa.o(i.__0sprintf)
    sprintf                                  0x08012e69   Thumb Code     0  printfa.o(i.__0sprintf)
    __ARM_fpclassify                         0x08012e91   Thumb Code    40  fpclassify.o(i.__ARM_fpclassify)
    __aeabi_errno_addr                       0x08012eb9   Thumb Code     4  errno.o(i.__aeabi_errno_addr)
    __rt_errno_addr                          0x08012eb9   Thumb Code     0  errno.o(i.__aeabi_errno_addr)
    __ieee754_rem_pio2                       0x08012ec1   Thumb Code   828  rred.o(i.__ieee754_rem_pio2)
    __kernel_cos                             0x08013249   Thumb Code   230  cos_i.o(i.__kernel_cos)
    __kernel_poly                            0x08013345   Thumb Code   170  poly.o(i.__kernel_poly)
    __kernel_sin                             0x080133f1   Thumb Code   224  sin_i.o(i.__kernel_sin)
    __mathlib_dbl_divzero                    0x080134dd   Thumb Code    12  dunder.o(i.__mathlib_dbl_divzero)
    __mathlib_dbl_infnan                     0x080134ed   Thumb Code     6  dunder.o(i.__mathlib_dbl_infnan)
    __mathlib_dbl_infnan2                    0x080134f3   Thumb Code     4  dunder.o(i.__mathlib_dbl_infnan2)
    __mathlib_dbl_invalid                    0x080134f7   Thumb Code    12  dunder.o(i.__mathlib_dbl_invalid)
    __mathlib_dbl_overflow                   0x08013503   Thumb Code    14  dunder.o(i.__mathlib_dbl_overflow)
    __mathlib_dbl_underflow                  0x08013511   Thumb Code    10  dunder.o(i.__mathlib_dbl_underflow)
    __read_errno                             0x08013521   Thumb Code     6  errno.o(i.__read_errno)
    __scatterload_copy                       0x0801352d   Thumb Code    14  handlers.o(i.__scatterload_copy)
    __scatterload_null                       0x0801353b   Thumb Code     2  handlers.o(i.__scatterload_null)
    __scatterload_zeroinit                   0x0801353d   Thumb Code    14  handlers.o(i.__scatterload_zeroinit)
    __set_errno                              0x0801354d   Thumb Code     6  errno.o(i.__set_errno)
    _is_digit                                0x080136dd   Thumb Code    14  scanf_fp.o(i._is_digit)
    atof                                     0x08013e25   Thumb Code    42  atof.o(i.atof)
    cos                                      0x08013e51   Thumb Code   148  cos.o(i.cos)
    exp                                      0x08013eed   Thumb Code   554  exp.o(i.exp)
    floor                                    0x08014171   Thumb Code   204  floor.o(i.floor)
    free                                     0x0801424d   Thumb Code    76  malloc.o(i.free)
    log                                      0x0801429d   Thumb Code   808  log.o(i.log)
    log10                                    0x080145f9   Thumb Code   198  log10.o(i.log10)
    malloc                                   0x080146dd   Thumb Code    92  malloc.o(i.malloc)
    pow                                      0x08014749   Thumb Code  2512  pow.o(i.pow)
    sin                                      0x08015121   Thumb Code   150  sin.o(i.sin)
    sqrt                                     0x080151c1   Thumb Code    76  sqrt.o(i.sqrt)
    LED_PIN                                  0x0801520c   Data           6  led.o(.constdata)
    __mathlib_zero                           0x08015728   Data           8  qnan.o(.constdata)
    __ctype_table                            0x08015820   Data         129  ctype_o.o(.constdata)
    Region$$Table$$Base                      0x08015c7c   Number         0  anon$$obj.o(Region$$Table)
    Region$$Table$$Limit                     0x08015c9c   Number         0  anon$$obj.o(Region$$Table)
    SystemCoreClock                          0x20000010   Data           4  system_stm32f2xx.o(.data)
    AHBPrescTable                            0x20000014   Data          16  system_stm32f2xx.o(.data)
    TEST_MODE                                0x20000024   Data           1  main.o(.data)
    USART_RDataCnt                           0x2000002c   Data           2  usart.o(.data)
    USART_EvenStatus                         0x2000002e   Data           1  usart.o(.data)
    USART_ControlStatus                      0x2000002f   Data           1  usart.o(.data)
    USART_CMD_FLAG                           0x20000030   Data           1  usart.o(.data)
    Debug                                    0x20000031   Data           1  usart.o(.data)
    second                                   0x20000032   Data           2  timer.o(.data)
    Admesy_RDataCnt                          0x20000034   Data           2  admesy.o(.data)
    Admesy_RDataFlag                         0x20000036   Data           1  admesy.o(.data)
    MSE_State                                0x20000037   Data           1  admesy.o(.data)
    Flicker                                  0x20000038   Data           4  admesy.o(.data)
    color_x                                  0x2000003c   Data           4  admesy.o(.data)
    color_y                                  0x20000040   Data           4  admesy.o(.data)
    Lv                                       0x20000044   Data           4  admesy.o(.data)
    CCT                                      0x20000048   Data           4  admesy.o(.data)
    ADC_ConvertedValue                       0x2000004c   Data           2  adc.o(.data)
    maxVoltage                               0x2000004e   Data           2  adc.o(.data)
    minVoltage                               0x20000050   Data           2  adc.o(.data)
    sampleCnt                                0x20000052   Data           2  adc.o(.data)
    bufferIndex                              0x20000054   Data           1  adc.o(.data)
    I2C_PORT_SDA                             0x20000058   Data           4  i2c.o(.data)
    I2C_PORT_SCL                             0x2000005c   Data           4  i2c.o(.data)
    I2C_PIN_SDA                              0x20000060   Data           2  i2c.o(.data)
    I2C_PIN_SCL                              0x20000062   Data           2  i2c.o(.data)
    I2C_ADDR                                 0x20000064   Data           1  i2c.o(.data)
    DSENSOR_I2C_ADDR                         0x20000065   Data           1  digital_sensor.o(.data)
    LED_PORT                                 0x20000068   Data          12  led.o(.data)
    TOTAL_DIS_NUM                            0x20000074   Data           1  key.o(.data)
    DIS_NUM                                  0x20000075   Data           1  key.o(.data)
    auto_dly_cnt                             0x20000076   Data           2  key.o(.data)
    DIS_AUTO                                 0x20000078   Data           1  key.o(.data)
    Current_Error                            0x20000079   Data           1  key.o(.data)
    SSD_B7                                   0x2000007a   Data           2  ssd2828.o(.data)
    hsum                                     0x2000007c   Data           2  fpga.o(.data)
    vsum                                     0x2000007e   Data           2  fpga.o(.data)
    line_ram                                 0x20000080   Data           2  fpga.o(.data)
    frame_ram_h                              0x20000082   Data           2  fpga.o(.data)
    frame_ram_l                              0x20000084   Data           2  fpga.o(.data)
    PWM_T_cnt                                0x20000086   Data           2  lcd.o(.data)
    PWM_DUTY                                 0x20000088   Data           2  lcd.o(.data)
    StopCondition                            0x20000094   Data           4  sdcard.o(.data)
    TransferError                            0x20000098   Data           1  sdcard.o(.data)
    TransferEnd                              0x2000009c   Data           4  sdcard.o(.data)
    Pic_Load                                 0x200000a0   Data           1  bsp_bmp.o(.data)
    Pic_Load_Finish                          0x200000a1   Data           1  bsp_bmp.o(.data)
    bmpres                                   0x200000a2   Data           1  bsp_bmp.o(.data)
    Delay_Enable                             0x200000a4   Data           1  lcd_test.o(.data)
    Delay_Time                               0x200000a6   Data           2  lcd_test.o(.data)
    Auto_Switch                              0x200000a8   Data           1  lcd_test.o(.data)
    Auto_Time                                0x200000aa   Data           2  lcd_test.o(.data)
    delay_cnt                                0x200000ac   Data           2  lcd_test.o(.data)
    PWM_detect_cnt                           0x200000ae   Data           2  lcd_test.o(.data)
    PWM_DDIC_LOW                             0x200000b0   Data           2  lcd_test.o(.data)
    PWM_DDIC_HIGH                            0x200000b2   Data           2  lcd_test.o(.data)
    PWM_pre                                  0x200000b4   Data           1  lcd_test.o(.data)
    PWM_curr                                 0x200000b5   Data           1  lcd_test.o(.data)
    I_IOVCC                                  0x200000b8   Data           4  lcd_test.o(.data)
    I_VSP                                    0x200000bc   Data           4  lcd_test.o(.data)
    I_VSN                                    0x200000c0   Data           4  lcd_test.o(.data)
    I_LEDA                                   0x200000c4   Data           4  lcd_test.o(.data)
    SPEC_NORMAL_IOVCC_MAX                    0x200000c8   Data           4  lcd_test.o(.data)
    SPEC_NORMAL_VSP_MAX                      0x200000cc   Data           4  lcd_test.o(.data)
    SPEC_NORMAL_VSN_MAX                      0x200000d0   Data           4  lcd_test.o(.data)
    flicker_best                             0x200000d4   Data           4  test_otp.o(.data)
    white                                    0x200000d8   Data           4  test_otp.o(.data)
    black                                    0x200000dc   Data           4  test_otp.o(.data)
    chroma_x                                 0x200000e0   Data           4  test_otp.o(.data)
    chroma_y                                 0x200000e4   Data           4  test_otp.o(.data)
    chroma_Lv                                0x200000e8   Data           4  test_otp.o(.data)
    OTP_TIMES                                0x200000ec   Data           1  common_otp code_td4302_v1.o(.data)
    vcom_best                                0x200000ee   Data           2  common_otp code_td4302_v1.o(.data)
    MAIN_PORT                                0x200000f0   Data           1  common_otp code_td4302_v1.o(.data)
    FPGA_porchPara                           0x200000f2   Data          10  5v7_initial code_td4302_v1.o(.data)
    SSDInitCode                              0x200000fc   Data         112  5v7_initial code_td4302_v1.o(.data)
    ET1_InitCode                             0x2000016c   Data        1844  5v7_initial code_td4302_v1.o(.data)
    ET2_InitCode                             0x200008a0   Data          98  5v7_initial code_td4302_v1.o(.data)
    RA_InitCode                              0x20000902   Data          88  5v7_initial code_td4302_v1.o(.data)
    OTP_InitCode                             0x2000095a   Data         192  5v7_initial code_td4302_v1.o(.data)
    GAMMA_InitCode                           0x20000a1a   Data          90  5v7_initial code_td4302_v1.o(.data)
    __stdout                                 0x20000a80   Data           4  stdout.o(.data)
    __microlib_freelist                      0x20000a84   Data           4  mvars.o(.data)
    __microlib_freelist_initialised          0x20000a88   Data           4  mvars.o(.data)
    USART_RData                              0x20000a90   Data        1024  usart.o(.bss)
    Admesy_RData                             0x20000e90   Data        8224  admesy.o(.bss)
    ADC_ValueBuffer                          0x20002eb0   Data          14  adc.o(.bss)
    SDCardInfo                               0x20002ef0   Data          80  sdcard.o(.bss)
    SDIO_InitStructure                       0x20002f40   Data          24  sdcard.o(.bss)
    SDIO_CmdInitStructure                    0x20002f58   Data          20  sdcard.o(.bss)
    SDIO_DataInitStructure                   0x20002f6c   Data          24  sdcard.o(.bss)
    pColorData                               0x20002f84   Data        8000  bsp_bmp.o(.bss)
    bmpfs                                    0x20004ec4   Data        1120  bsp_bmp.o(.bss)
    bmpfsrc                                  0x20005324   Data         548  bsp_bmp.o(.bss)
    __heap_base                              0x20005748   Data           0  startup_stm32f2xx.o(HEAP)
    __heap_limit                             0x2001d748   Data           0  startup_stm32f2xx.o(HEAP)
    __initial_sp                             0x2001db48   Data           0  startup_stm32f2xx.o(STACK)



==============================================================================

Memory Map of the image

  Image Entry point : 0x08000185

  Load Region LR_IROM1 (Base: 0x08000000, Size: 0x0001672c, Max: 0x00100000, ABSOLUTE, COMPRESSED[0x00016158])

    Execution Region ER_IROM1 (Base: 0x08000000, Size: 0x00015c9c, Max: 0x00100000, ABSOLUTE)

    Base Addr    Size         Type   Attr      Idx    E Section Name        Object

    0x08000000   0x00000184   Data   RO            3    RESET               startup_stm32f2xx.o
    0x08000184   0x00000000   Code   RO         1149  * .ARM.Collect$$$$00000000  mc_w.l(entry.o)
    0x08000184   0x00000004   Code   RO         1538    .ARM.Collect$$$$00000001  mc_w.l(entry2.o)
    0x08000188   0x00000004   Code   RO         1541    .ARM.Collect$$$$00000004  mc_w.l(entry5.o)
    0x0800018c   0x00000000   Code   RO         1543    .ARM.Collect$$$$00000008  mc_w.l(entry7b.o)
    0x0800018c   0x00000000   Code   RO         1545    .ARM.Collect$$$$0000000A  mc_w.l(entry8b.o)
    0x0800018c   0x00000008   Code   RO         1546    .ARM.Collect$$$$0000000B  mc_w.l(entry9a.o)
    0x08000194   0x00000000   Code   RO         1548    .ARM.Collect$$$$0000000D  mc_w.l(entry10a.o)
    0x08000194   0x00000000   Code   RO         1550    .ARM.Collect$$$$0000000F  mc_w.l(entry11a.o)
    0x08000194   0x00000004   Code   RO         1539    .ARM.Collect$$$$00002712  mc_w.l(entry2.o)
    0x08000198   0x00000024   Code   RO            4    .text               startup_stm32f2xx.o
    0x080001bc   0x0000025c   Code   RO           10    .text               stm32f2xx_gpio.o
    0x08000418   0x00000588   Code   RO           67    .text               stm32f2xx_rcc.o
    0x080009a0   0x0000041a   Code   RO           81    .text               stm32f2xx_usart.o
    0x08000dba   0x00000002   PAD
    0x08000dbc   0x000003a8   Code   RO           93    .text               stm32f2xx_dma.o
    0x08001164   0x00000464   Code   RO          105    .text               stm32f2xx_adc.o
    0x080015c8   0x000000e0   Code   RO          117    .text               misc.o
    0x080016a8   0x00000608   Code   RO          144    .text               stm32f2xx_fsmc.o
    0x08001cb0   0x000001f0   Code   RO          156    .text               stm32f2xx_sdio.o
    0x08001ea0   0x00000ca2   Code   RO          168    .text               stm32f2xx_tim.o
    0x08002b42   0x00000002   PAD
    0x08002b44   0x000001e0   Code   RO          190    .text               system_stm32f2xx.o
    0x08002d24   0x00000494   Code   RO          208    .text               main.o
    0x080031b8   0x00000058   Code   RO          366    .text               stm32f2xx_it.o
    0x08003210   0x00000144   Code   RO          382    .text               systick.o
    0x08003354   0x00000488   Code   RO          400    .text               board_conf.o
    0x080037dc   0x000013a8   Code   RO          413    .text               usart.o
    0x08004b84   0x0000018c   Code   RO          480    .text               timer.o
    0x08004d10   0x000008e4   Code   RO          499    .text               admesy.o
    0x080055f4   0x00000cb8   Code   RO          518    .text               admesy_flicker.o
    0x080062ac   0x00000ed4   Code   RO          555    .text               kiss_fft.o
    0x08007180   0x000003e8   Code   RO          567    .text               adc.o
    0x08007568   0x0000078c   Code   RO          583    .text               i2c.o
    0x08007cf4   0x0000043c   Code   RO          609    .text               power.o
    0x08008130   0x00000284   Code   RO          670    .text               digital_sensor.o
    0x080083b4   0x000003c4   Code   RO          686    .text               eeprom.o
    0x08008778   0x00000090   Code   RO          698    .text               led.o
    0x08008808   0x00000398   Code   RO          714    .text               key.o
    0x08008ba0   0x00000918   Code   RO          732    .text               ssd2828.o
    0x080094b8   0x00000930   Code   RO          754    .text               fpga.o
    0x08009de8   0x00000634   Code   RO          776    .text               lcd.o
    0x0800a41c   0x00001834   Code   RO          795    .text               sdcard.o
    0x0800bc50   0x00000730   Code   RO          811    .text               bsp_bmp.o
    0x0800c380   0x00000dc4   Code   RO          830    .text               lcd_test.o
    0x0800d144   0x00000280   Code   RO          857    .text               test_debug.o
    0x0800d3c4   0x00000148   Code   RO          869    .text               test_et1.o
    0x0800d50c   0x00000128   Code   RO          882    .text               test_et2.o
    0x0800d634   0x00000178   Code   RO          894    .text               test_et3.o
    0x0800d7ac   0x00001058   Code   RO          906    .text               test_otp.o
    0x0800e804   0x00000094   Code   RO          926    .text               test_ra.o
    0x0800e898   0x00000110   Code   RO          938    .text               test_esd.o
    0x0800e9a8   0x00000178   Code   RO          950    .text               test_od.o
    0x0800eb20   0x000000f0   Code   RO          962    .text               test_demo.o
    0x0800ec10   0x00000144   Code   RO          974    .text               test_ctp.o
    0x0800ed54   0x0000015c   Code   RO          986    .text               test_oqc1.o
    0x0800eeb0   0x00000650   Code   RO          998    .text               common_otp code_td4302_v1.o
    0x0800f500   0x00002790   Code   RO         1035    .text               ff.o
    0x08011c90   0x00000168   Code   RO         1063    .text               diskio.o
    0x08011df8   0x00000024   Code   RO         1152    .text               mc_w.l(memcpya.o)
    0x08011e1c   0x00000044   Code   RO         1154    .text               mc_w.l(strtok.o)
    0x08011e60   0x0000001a   Code   RO         1451    .text               mc_w.l(atoi.o)
    0x08011e7a   0x000000b0   Code   RO         1453    .text               mf_w.l(fadd.o)
    0x08011f2a   0x00000064   Code   RO         1455    .text               mf_w.l(fmul.o)
    0x08011f8e   0x0000014e   Code   RO         1457    .text               mf_w.l(dadd.o)
    0x080120dc   0x000000e4   Code   RO         1459    .text               mf_w.l(dmul.o)
    0x080121c0   0x000000de   Code   RO         1461    .text               mf_w.l(ddiv.o)
    0x0801229e   0x0000000a   Code   RO         1463    .text               mf_w.l(ffltui.o)
    0x080122a8   0x00000022   Code   RO         1465    .text               mf_w.l(dflti.o)
    0x080122ca   0x0000001a   Code   RO         1467    .text               mf_w.l(dfltui.o)
    0x080122e4   0x00000032   Code   RO         1469    .text               mf_w.l(ffixi.o)
    0x08012316   0x00000028   Code   RO         1471    .text               mf_w.l(ffixui.o)
    0x0801233e   0x0000003e   Code   RO         1473    .text               mf_w.l(dfixi.o)
    0x0801237c   0x00000032   Code   RO         1475    .text               mf_w.l(dfixui.o)
    0x080123ae   0x00000026   Code   RO         1477    .text               mf_w.l(f2d.o)
    0x080123d4   0x00000030   Code   RO         1479    .text               mf_w.l(cdcmple.o)
    0x08012404   0x00000030   Code   RO         1481    .text               mf_w.l(cdrcmple.o)
    0x08012434   0x00000038   Code   RO         1483    .text               mf_w.l(d2f.o)
    0x0801246c   0x00000014   Code   RO         1485    .text               mf_w.l(cfcmple.o)
    0x08012480   0x00000014   Code   RO         1487    .text               mf_w.l(cfrcmple.o)
    0x08012494   0x0000002c   Code   RO         1553    .text               mc_w.l(uidiv.o)
    0x080124c0   0x00000062   Code   RO         1555    .text               mc_w.l(uldiv.o)
    0x08012522   0x0000001e   Code   RO         1557    .text               mc_w.l(llshl.o)
    0x08012540   0x00000020   Code   RO         1559    .text               mc_w.l(llushr.o)
    0x08012560   0x00000024   Code   RO         1561    .text               mc_w.l(llsshr.o)
    0x08012584   0x0000009c   Code   RO         1572    .text               mc_w.l(strtod.o)
    0x08012620   0x00000070   Code   RO         1574    .text               mc_w.l(strtol.o)
    0x08012690   0x00000000   Code   RO         1576    .text               mc_w.l(iusefp.o)
    0x08012690   0x0000006e   Code   RO         1577    .text               mf_w.l(fepilogue.o)
    0x080126fe   0x000000ba   Code   RO         1579    .text               mf_w.l(depilogue.o)
    0x080127b8   0x0000002e   Code   RO         1581    .text               mf_w.l(dscalb.o)
    0x080127e6   0x000000a2   Code   RO         1583    .text               mf_w.l(dsqrt.o)
    0x08012888   0x00000030   Code   RO         1585    .text               mf_w.l(dfixul.o)
    0x080128b8   0x00000024   Code   RO         1587    .text               mc_w.l(init.o)
    0x080128dc   0x00000008   Code   RO         1591    .text               mc_w.l(ctype_o.o)
    0x080128e4   0x00000012   Code   RO         1613    .text               mc_w.l(isspace_o.o)
    0x080128f6   0x00000002   PAD
    0x080128f8   0x00000338   Code   RO         1619    .text               mc_w.l(scanf_fp.o)
    0x08012c30   0x00000040   Code   RO         1623    .text               mc_w.l(_sgetc.o)
    0x08012c70   0x0000009e   Code   RO         1625    .text               mc_w.l(_strtoul.o)
    0x08012d0e   0x0000001c   Code   RO         1630    .text               mc_w.l(_chval.o)
    0x08012d2a   0x00000018   Code   RO         1632    .text               mf_w.l(dfltul.o)
    0x08012d42   0x0000005e   Code   RO         1642    .text               mc_w.l(__dclz77c.o)
    0x08012da0   0x0000000a   Code   RO          595    i.I2C_Delay         i2c.o
    0x08012daa   0x00000002   PAD
    0x08012dac   0x00000010   Code   RO          633    i.POWER_IOVCC_Reset  power.o
    0x08012dbc   0x00000010   Code   RO          628    i.POWER_IOVCC_Set   power.o
    0x08012dcc   0x00000014   Code   RO          638    i.POWER_OTP_Reset   power.o
    0x08012de0   0x00000010   Code   RO          623    i.POWER_VCI_Reset   power.o
    0x08012df0   0x00000010   Code   RO          618    i.POWER_VCI_Set     power.o
    0x08012e00   0x00000010   Code   RO          648    i.POWER_VSN_Reset   power.o
    0x08012e10   0x00000010   Code   RO          643    i.POWER_VSN_Set     power.o
    0x08012e20   0x00000014   Code   RO          658    i.POWER_VSP_Reset   power.o
    0x08012e34   0x00000014   Code   RO          653    i.POWER_VSP_Set     power.o
    0x08012e48   0x00000020   Code   RO         1395    i.__0printf         mc_w.l(printfa.o)
    0x08012e68   0x00000028   Code   RO         1397    i.__0sprintf        mc_w.l(printfa.o)
    0x08012e90   0x00000028   Code   RO         1506    i.__ARM_fpclassify  m_ws.l(fpclassify.o)
    0x08012eb8   0x00000008   Code   RO         1565    i.__aeabi_errno_addr  mc_w.l(errno.o)
    0x08012ec0   0x00000388   Code   RO         1521    i.__ieee754_rem_pio2  m_ws.l(rred.o)
    0x08013248   0x000000fc   Code   RO         1489    i.__kernel_cos      m_ws.l(cos_i.o)
    0x08013344   0x000000aa   Code   RO         1518    i.__kernel_poly     m_ws.l(poly.o)
    0x080133ee   0x00000002   PAD
    0x080133f0   0x000000ec   Code   RO         1526    i.__kernel_sin      m_ws.l(sin_i.o)
    0x080134dc   0x00000010   Code   RO         1492    i.__mathlib_dbl_divzero  m_ws.l(dunder.o)
    0x080134ec   0x00000006   Code   RO         1493    i.__mathlib_dbl_infnan  m_ws.l(dunder.o)
    0x080134f2   0x00000004   Code   RO         1494    i.__mathlib_dbl_infnan2  m_ws.l(dunder.o)
    0x080134f6   0x0000000c   Code   RO         1495    i.__mathlib_dbl_invalid  m_ws.l(dunder.o)
    0x08013502   0x0000000e   Code   RO         1496    i.__mathlib_dbl_overflow  m_ws.l(dunder.o)
    0x08013510   0x00000010   Code   RO         1498    i.__mathlib_dbl_underflow  m_ws.l(dunder.o)
    0x08013520   0x0000000c   Code   RO         1566    i.__read_errno      mc_w.l(errno.o)
    0x0801352c   0x0000000e   Code   RO         1636    i.__scatterload_copy  mc_w.l(handlers.o)
    0x0801353a   0x00000002   Code   RO         1637    i.__scatterload_null  mc_w.l(handlers.o)
    0x0801353c   0x0000000e   Code   RO         1638    i.__scatterload_zeroinit  mc_w.l(handlers.o)
    0x0801354a   0x00000002   PAD
    0x0801354c   0x0000000c   Code   RO         1567    i.__set_errno       mc_w.l(errno.o)
    0x08013558   0x00000184   Code   RO         1402    i._fp_digits        mc_w.l(printfa.o)
    0x080136dc   0x0000000e   Code   RO         1621    i._is_digit         mc_w.l(scanf_fp.o)
    0x080136ea   0x00000002   PAD
    0x080136ec   0x000006dc   Code   RO         1403    i._printf_core      mc_w.l(printfa.o)
    0x08013dc8   0x00000024   Code   RO         1404    i._printf_post_padding  mc_w.l(printfa.o)
    0x08013dec   0x0000002e   Code   RO         1405    i._printf_pre_padding  mc_w.l(printfa.o)
    0x08013e1a   0x0000000a   Code   RO         1407    i._sputc            mc_w.l(printfa.o)
    0x08013e24   0x0000002a   Code   RO         1082    i.atof              m_ws.l(atof.o)
    0x08013e4e   0x00000002   PAD
    0x08013e50   0x0000009c   Code   RO         1086    i.cos               m_ws.l(cos.o)
    0x08013eec   0x00000284   Code   RO         1094    i.exp               m_ws.l(exp.o)
    0x08014170   0x000000dc   Code   RO         1104    i.floor             m_ws.l(floor.o)
    0x0801424c   0x00000050   Code   RO         1423    i.free              mc_w.l(malloc.o)
    0x0801429c   0x0000035c   Code   RO         1509    i.log               m_ws.l(log.o)
    0x080145f8   0x000000e4   Code   RO         1108    i.log10             m_ws.l(log10.o)
    0x080146dc   0x0000006c   Code   RO         1424    i.malloc            mc_w.l(malloc.o)
    0x08014748   0x000009d8   Code   RO         1116    i.pow               m_ws.l(pow.o)
    0x08015120   0x000000a0   Code   RO         1126    i.sin               m_ws.l(sin.o)
    0x080151c0   0x0000004c   Code   RO         1134    i.sqrt              m_ws.l(sqrt.o)
    0x0801520c   0x00000006   Data   RO          699    .constdata          led.o
    0x08015212   0x000003ce   Data   RO         1037    .constdata          ff.o
    0x080155e0   0x00000058   Data   RO         1095    .constdata          m_ws.l(exp.o)
    0x08015638   0x00000088   Data   RO         1117    .constdata          m_ws.l(pow.o)
    0x080156c0   0x00000030   Data   RO         1490    .constdata          m_ws.l(cos_i.o)
    0x080156f0   0x00000038   Data   RO         1510    .constdata          m_ws.l(log.o)
    0x08015728   0x00000008   Data   RO         1520    .constdata          m_ws.l(qnan.o)
    0x08015730   0x000000c8   Data   RO         1523    .constdata          m_ws.l(rred.o)
    0x080157f8   0x00000028   Data   RO         1527    .constdata          m_ws.l(sin_i.o)
    0x08015820   0x00000081   Data   RO         1592    .constdata          mc_w.l(ctype_o.o)
    0x080158a1   0x00000003   PAD
    0x080158a4   0x00000004   Data   RO         1593    .constdata          mc_w.l(ctype_o.o)
    0x080158a8   0x0000004b   Data   RO          209    .conststring        main.o
    0x080158f3   0x00000001   PAD
    0x080158f4   0x00000085   Data   RO          401    .conststring        board_conf.o
    0x08015979   0x00000003   PAD
    0x0801597c   0x00000042   Data   RO          415    .conststring        usart.o
    0x080159be   0x00000002   PAD
    0x080159c0   0x0000004a   Data   RO          671    .conststring        digital_sensor.o
    0x08015a0a   0x00000002   PAD
    0x08015a0c   0x00000041   Data   RO          831    .conststring        lcd_test.o
    0x08015a4d   0x00000003   PAD
    0x08015a50   0x0000009c   Data   RO          870    .conststring        test_et1.o
    0x08015aec   0x0000018f   Data   RO          907    .conststring        test_otp.o
    0x08015c7b   0x00000001   PAD
    0x08015c7c   0x00000020   Data   RO         1634    Region$$Table       anon$$obj.o


    Execution Region RW_IRAM1 (Base: 0x20000000, Size: 0x0001db48, Max: 0x00020000, ABSOLUTE, COMPRESSED[0x000004bc])

    Base Addr    Size         Type   Attr      Idx    E Section Name        Object

    0x20000000   0x00000010   Data   RW           68    .data               stm32f2xx_rcc.o
    0x20000010   0x00000014   Data   RW          191    .data               system_stm32f2xx.o
    0x20000024   0x00000001   Data   RW          210    .data               main.o
    0x20000025   0x00000003   PAD
    0x20000028   0x00000004   Data   RW          383    .data               systick.o
    0x2000002c   0x00000006   Data   RW          416    .data               usart.o
    0x20000032   0x00000002   Data   RW          481    .data               timer.o
    0x20000034   0x00000018   Data   RW          501    .data               admesy.o
    0x2000004c   0x00000009   Data   RW          569    .data               adc.o
    0x20000055   0x00000003   PAD
    0x20000058   0x0000000d   Data   RW          584    .data               i2c.o
    0x20000065   0x00000001   Data   RW          672    .data               digital_sensor.o
    0x20000066   0x00000002   PAD
    0x20000068   0x0000000c   Data   RW          700    .data               led.o
    0x20000074   0x00000006   Data   RW          715    .data               key.o
    0x2000007a   0x00000002   Data   RW          733    .data               ssd2828.o
    0x2000007c   0x0000000a   Data   RW          755    .data               fpga.o
    0x20000086   0x00000004   Data   RW          777    .data               lcd.o
    0x2000008a   0x00000002   PAD
    0x2000008c   0x00000014   Data   RW          797    .data               sdcard.o
    0x200000a0   0x00000003   Data   RW          813    .data               bsp_bmp.o
    0x200000a3   0x00000001   PAD
    0x200000a4   0x00000030   Data   RW          832    .data               lcd_test.o
    0x200000d4   0x00000018   Data   RW          908    .data               test_otp.o
    0x200000ec   0x00000005   Data   RW          999    .data               common_otp code_td4302_v1.o
    0x200000f1   0x00000001   PAD
    0x200000f2   0x00000982   Data   RW         1022    .data               5v7_initial code_td4302_v1.o
    0x20000a74   0x00000006   Data   RW         1038    .data               ff.o
    0x20000a7a   0x00000002   PAD
    0x20000a7c   0x00000004   Data   RW         1155    .data               mc_w.l(strtok.o)
    0x20000a80   0x00000004   Data   RW         1552    .data               mc_w.l(stdout.o)
    0x20000a84   0x00000004   Data   RW         1563    .data               mc_w.l(mvars.o)
    0x20000a88   0x00000004   Data   RW         1564    .data               mc_w.l(mvars.o)
    0x20000a8c   0x00000004   Data   RW         1568    .data               mc_w.l(errno.o)
    0x20000a90   0x00000400   Zero   RW          414    .bss                usart.o
    0x20000e90   0x00002020   Zero   RW          500    .bss                admesy.o
    0x20002eb0   0x0000000e   Zero   RW          568    .bss                adc.o
    0x20002ebe   0x00000002   PAD
    0x20002ec0   0x000000c4   Zero   RW          796    .bss                sdcard.o
    0x20002f84   0x000025c4   Zero   RW          812    .bss                bsp_bmp.o
    0x20005548   0x00000200   Zero   RW         1036    .bss                ff.o
    0x20005748   0x00018000   Zero   RW            2    HEAP                startup_stm32f2xx.o
    0x2001d748   0x00000400   Zero   RW            1    STACK               startup_stm32f2xx.o


==============================================================================

Image component sizes


      Code (inc. data)   RO Data    RW Data    ZI Data      Debug   Object Name

         0          0          0       2434          0       1145   5v7_initial code_td4302_v1.o
      1000        166          0          9         14       2900   adc.o
      2276        582          0         24       8224       3723   admesy.o
      3256        212          0          0          0       7539   admesy_flicker.o
      1160        666        133          0          0       1105   board_conf.o
      1840        724          0          3       9668       5565   bsp_bmp.o
      1616        438          0          5          0       3140   common_otp code_td4302_v1.o
       644        168         74          1          0       2081   digital_sensor.o
       360        130          0          0          0       3866   diskio.o
       964        348          0          0          0       2621   eeprom.o
     10128         76        974          6        512      32209   ff.o
      2352        516          0         10          0       7449   fpga.o
      1942         24          0         13          0       7389   i2c.o
       920        122          0          6          0       1890   key.o
      3796         16          0          0          0       6131   kiss_fft.o
      1588        486          0          4          0       3003   lcd.o
      3524        780         65         48          0       6278   lcd_test.o
       144         18          6         12          0       1626   led.o
      1172        408         75          1          0      21308   main.o
       224         20          0          0          0       3541   misc.o
      1240        356          0          0          0       5923   power.o
      6196        248          0         20        196      18101   sdcard.o
      2328        444          0          2          0       6174   ssd2828.o
        36          8        388          0      99328        872   startup_stm32f2xx.o
      1124         24          0          0          0      10510   stm32f2xx_adc.o
       936         32          0          0          0       6365   stm32f2xx_dma.o
      1544         14          0          0          0       5415   stm32f2xx_fsmc.o
       604         36          0          0          0     300461   stm32f2xx_gpio.o
        88          0          0          0          0       2225   stm32f2xx_it.o
      1416         48          0         16          0      11031   stm32f2xx_rcc.o
       496         18          0          0          0       7204   stm32f2xx_sdio.o
      3234         60          0          0          0      22884   stm32f2xx_tim.o
      1050         26          0          0          0       7732   stm32f2xx_usart.o
       480         40          0         20          0       1839   system_stm32f2xx.o
       324         80          0          4          0      18798   systick.o
       324         22          0          0          0        647   test_ctp.o
       640         48          0          0          0        818   test_debug.o
       240         24          0          0          0        588   test_demo.o
       272         22          0          0          0        692   test_esd.o
       328         56        156          0          0        659   test_et1.o
       296         40          0          0          0        607   test_et2.o
       376         52          0          0          0        663   test_et3.o
       376         30          0          0          0        726   test_od.o
       348         52          0          0          0        652   test_oqc1.o
      4184       1232        399         24          0       3951   test_otp.o
       148         64          0          0          0        680   test_ra.o
       396         46          0          2          0       1617   timer.o
      5032       1150         66          6       1024      11129   usart.o

    ----------------------------------------------------------------------
     72968      10172       2380       2684     118968     573472   Object Totals
         0          0         32          0          0          0   (incl. Generated)
         6          0         12         14          2          0   (incl. Padding)

    ----------------------------------------------------------------------

      Code (inc. data)   RO Data    RW Data    ZI Data      Debug   Library Member Name

        42          0          0          0          0         84   atof.o
       156          8          0          0          0        104   cos.o
       252         22         48          0          0        124   cos_i.o
        68         10          0          0          0        408   dunder.o
       644         90         88          0          0        204   exp.o
       220         16          0          0          0         84   floor.o
        40          0          0          0          0         68   fpclassify.o
       860         52         56          0          0        256   log.o
       228         30          0          0          0        120   log10.o
       170          0          0          0          0         96   poly.o
      2520        190        136          0          0        324   pow.o
         0          0          8          0          0          0   qnan.o
       904         76        200          0          0        140   rred.o
       160         10          0          0          0        108   sin.o
       236         12         40          0          0        128   sin_i.o
        76          0          0          0          0         84   sqrt.o
        94          0          0          0          0          0   __dclz77c.o
        28          0          0          0          0         68   _chval.o
        64          0          0          0          0         84   _sgetc.o
       158          0          0          0          0         92   _strtoul.o
        26          0          0          0          0         80   atoi.o
         8          4        133          0          0         68   ctype_o.o
         0          0          0          0          0          0   entry.o
         0          0          0          0          0          0   entry10a.o
         0          0          0          0          0          0   entry11a.o
         8          4          0          0          0          0   entry2.o
         4          0          0          0          0          0   entry5.o
         0          0          0          0          0          0   entry7b.o
         0          0          0          0          0          0   entry8b.o
         8          4          0          0          0          0   entry9a.o
        32         16          0          4          0        204   errno.o
        30          0          0          0          0          0   handlers.o
        36          8          0          0          0         68   init.o
        18          0          0          0          0         76   isspace_o.o
         0          0          0          0          0          0   iusefp.o
        30          0          0          0          0         68   llshl.o
        36          0          0          0          0         68   llsshr.o
        32          0          0          0          0         68   llushr.o
       188         20          0          0          0        160   malloc.o
        36          0          0          0          0         68   memcpya.o
         0          0          0          8          0          0   mvars.o
      2308         96          0          0          0        604   printfa.o
       838         12          0          0          0        216   scanf_fp.o
         0          0          0          4          0          0   stdout.o
       156         12          0          0          0        120   strtod.o
        68          6          0          4          0         80   strtok.o
       112          0          0          0          0         88   strtol.o
        44          0          0          0          0         80   uidiv.o
        98          0          0          0          0         92   uldiv.o
        48          0          0          0          0         68   cdcmple.o
        48          0          0          0          0         68   cdrcmple.o
        20          0          0          0          0         68   cfcmple.o
        20          0          0          0          0         68   cfrcmple.o
        56          0          0          0          0         88   d2f.o
       334          0          0          0          0        148   dadd.o
       222          0          0          0          0        100   ddiv.o
       186          0          0          0          0        176   depilogue.o
        62          0          0          0          0         80   dfixi.o
        50          0          0          0          0         76   dfixui.o
        48          0          0          0          0         68   dfixul.o
        34          0          0          0          0         76   dflti.o
        26          0          0          0          0         76   dfltui.o
        24          0          0          0          0         76   dfltul.o
       228          0          0          0          0         96   dmul.o
        46          0          0          0          0         80   dscalb.o
       162          0          0          0          0        100   dsqrt.o
        38          0          0          0          0         68   f2d.o
       176          0          0          0          0        140   fadd.o
       110          0          0          0          0        168   fepilogue.o
        50          0          0          0          0         68   ffixi.o
        40          0          0          0          0         68   ffixui.o
        10          0          0          0          0         68   ffltui.o
       100          0          0          0          0         76   fmul.o

    ----------------------------------------------------------------------
     13184        698        712         20          0       6952   Library Totals
        10          0          3          0          0          0   (incl. Padding)

    ----------------------------------------------------------------------

      Code (inc. data)   RO Data    RW Data    ZI Data      Debug   Library Name

      6576        516        576          0          0       2332   m_ws.l
      4460        182        133         20          0       2452   mc_w.l
      2138          0          0          0          0       2168   mf_w.l

    ----------------------------------------------------------------------
     13184        698        712         20          0       6952   Library Totals

    ----------------------------------------------------------------------

==============================================================================


      Code (inc. data)   RO Data    RW Data    ZI Data      Debug   

     86152      10870       3092       2704     118968     572648   Grand Totals
     86152      10870       3092       1212     118968     572648   ELF Image Totals (compressed)
     86152      10870       3092       1212          0          0   ROM Totals

==============================================================================

    Total RO  Size (Code + RO Data)                89244 (  87.15kB)
    Total RW  Size (RW Data + ZI Data)            121672 ( 118.82kB)
    Total ROM Size (Code + RO Data + RW Data)      90456 (  88.34kB)

==============================================================================

